// Jest Snapshot v1, https://goo.gl/fbAQLP

exports[`should render LogoRakuten component correctly 1`] = `ShallowWrapper {}`;
