// Jest Snapshot v1, https://goo.gl/fbAQLP

exports[`should render SliderArrowPrev component correctly 1`] = `ShallowWrapper {}`;

exports[`should render SliderArrowPrev component correctly 2`] = `ShallowWrapper {}`;
