// Jest Snapshot v1, https://goo.gl/fbAQLP

exports[`should render TrailerPage correctly 1`] = `ShallowWrapper {}`;
